 attiCon_sfun

 Timestamp is 56454bde (Fri Nov 13 11:33:02 2015)

 Preferred load address is 0000000180000000

 Start         Length     Name                   Class
 0001:00000000 00023464H .text                   CODE
 0001:00023470 00000092H .text$x                 CODE
 0002:00000000 00000478H .idata$5                DATA
 0002:00000478 00000008H .CRT$XCA                DATA
 0002:00000480 00000008H .CRT$XCZ                DATA
 0002:00000488 00000008H .CRT$XIA                DATA
 0002:00000490 00000008H .CRT$XIAA               DATA
 0002:00000498 00000008H .CRT$XIZ                DATA
 0002:000004a0 00000704H .rdata                  DATA
 0002:00000ba8 00000008H .rtc$IAA                DATA
 0002:00000bb0 00000008H .rtc$IZZ                DATA
 0002:00000bb8 00000008H .rtc$TAA                DATA
 0002:00000bc0 00000008H .rtc$TZZ                DATA
 0002:00000bc8 00000a90H .xdata                  DATA
 0002:00001658 0000008cH .idata$2                DATA
 0002:000016e4 00000014H .idata$3                DATA
 0002:000016f8 00000478H .idata$4                DATA
 0002:00001b70 00000c78H .idata$6                DATA
 0002:000027f0 00000052H .edata                  DATA
 0003:00000000 0000a4e8H .data                   DATA
 0003:0000a4f0 000006e8H .bss                    DATA
 0004:00000000 00000c6cH .pdata                  DATA

  Address         Publics by Value              Rva+Base               Lib:Object

 0000:00000000       ___safe_se_handler_table   0000000000000000     <absolute>
 0000:00000000       ___safe_se_handler_count   0000000000000000     <absolute>
 0000:00000000       __ImageBase                0000000180000000     <linker-defined>
 0001:00000000       attiCon_initializer        0000000180001000 f   attiCon_sfun.obj
 0001:00000010       attiCon_terminator         0000000180001010 f   attiCon_sfun.obj
 0001:00000020       sf_attiCon_method_dispatcher 0000000180001020 f   attiCon_sfun.obj
 0001:000000b0       sf_attiCon_uses_exported_functions 00000001800010b0 f   attiCon_sfun.obj
 0001:000000f0       sf_attiCon_process_check_sum_call 00000001800010f0 f   attiCon_sfun.obj
 0001:00000530       sf_attiCon_autoinheritance_info 0000000180001530 f   attiCon_sfun.obj
 0001:00000740       sf_attiCon_get_eml_resolved_functions_info 0000000180001740 f   attiCon_sfun.obj
 0001:000008f0       sf_attiCon_third_party_uses_info 00000001800018f0 f   attiCon_sfun.obj
 0001:00000aa0       sf_attiCon_jit_fallback_info 0000000180001aa0 f   attiCon_sfun.obj
 0001:00000c50       sf_attiCon_updateBuildInfo_args_info 0000000180001c50 f   attiCon_sfun.obj
 0001:00000e00       sf_attiCon_get_post_codegen_info 0000000180001e00 f   attiCon_sfun.obj
 0001:00000f30       attiCon_debug_initialize   0000000180001f30 f   attiCon_sfun.obj
 0001:00000fb0       attiCon_register_exported_symbols 0000000180001fb0 f   attiCon_sfun.obj
 0001:00000fc0       load_attiCon_optimization_info 0000000180001fc0 f   attiCon_sfun.obj
 0001:00001010       unload_attiCon_optimization_info 0000000180002010 f   attiCon_sfun.obj
 0001:00001040       sf_c1_attiCon_get_eml_resolved_functions_info 0000000180002040 f   c1_attiCon.obj
 0001:000010c0       sf_c1_attiCon_get_check_sum 00000001800020c0 f   c1_attiCon.obj
 0001:00001140       sf_c1_attiCon_get_autoinheritance_info 0000000180002140 f   c1_attiCon.obj
 0001:00001970       sf_c1_attiCon_third_party_uses_info 0000000180002970 f   c1_attiCon.obj
 0001:000019a0       sf_c1_attiCon_jit_fallback_info 00000001800029a0 f   c1_attiCon.obj
 0001:00001a70       sf_c1_attiCon_updateBuildInfo_args_info 0000000180002a70 f   c1_attiCon.obj
 0001:00001aa0       sf_c1_attiCon_get_post_codegen_info 0000000180002aa0 f   c1_attiCon.obj
 0001:00001b70       c1_attiCon_method_dispatcher 0000000180002b70 f   c1_attiCon.obj
 0001:00004e70       sf_c2_attiCon_get_eml_resolved_functions_info 0000000180005e70 f   c2_attiCon.obj
 0001:0000ec50       sf_c2_attiCon_get_check_sum 000000018000fc50 f   c2_attiCon.obj
 0001:0000ecd0       sf_c2_attiCon_get_autoinheritance_info 000000018000fcd0 f   c2_attiCon.obj
 0001:0000f280       sf_c2_attiCon_third_party_uses_info 0000000180010280 f   c2_attiCon.obj
 0001:0000f2b0       sf_c2_attiCon_jit_fallback_info 00000001800102b0 f   c2_attiCon.obj
 0001:0000f380       sf_c2_attiCon_updateBuildInfo_args_info 0000000180010380 f   c2_attiCon.obj
 0001:0000f3b0       sf_c2_attiCon_get_post_codegen_info 00000001800103b0 f   c2_attiCon.obj
 0001:0000f480       c2_attiCon_method_dispatcher 0000000180010480 f   c2_attiCon.obj
 0001:00014a80       sf_c3_attiCon_get_eml_resolved_functions_info 0000000180015a80 f   c3_attiCon.obj
 0001:00017ca0       sf_c3_attiCon_get_check_sum 0000000180018ca0 f   c3_attiCon.obj
 0001:00017d20       sf_c3_attiCon_get_autoinheritance_info 0000000180018d20 f   c3_attiCon.obj
 0001:000182d0       sf_c3_attiCon_third_party_uses_info 00000001800192d0 f   c3_attiCon.obj
 0001:00018300       sf_c3_attiCon_jit_fallback_info 0000000180019300 f   c3_attiCon.obj
 0001:000183d0       sf_c3_attiCon_updateBuildInfo_args_info 00000001800193d0 f   c3_attiCon.obj
 0001:00018400       sf_c3_attiCon_get_post_codegen_info 0000000180019400 f   c3_attiCon.obj
 0001:000184d0       c3_attiCon_method_dispatcher 00000001800194d0 f   c3_attiCon.obj
 0001:0001be40       sf_process_check_sum_call  000000018001ce40 f   attiCon_sfun_registry.obj
 0001:0001be90       sf_process_machine_uses_exported_functions_call 000000018001ce90 f   attiCon_sfun_registry.obj
 0001:0001bfe0       sf_process_autoinheritance_call 000000018001cfe0 f   attiCon_sfun_registry.obj
 0001:0001c180       sf_process_get_third_party_uses_info_call 000000018001d180 f   attiCon_sfun_registry.obj
 0001:0001c320       sf_process_get_jit_fallback_info_call 000000018001d320 f   attiCon_sfun_registry.obj
 0001:0001c4c0       sf_process_get_updateBuildInfo_args_info_call 000000018001d4c0 f   attiCon_sfun_registry.obj
 0001:0001c660       sf_process_get_eml_resolved_functions_info_call 000000018001d660 f   attiCon_sfun_registry.obj
 0001:0001c7e0       sf_process_get_post_codegen_info 000000018001d7e0 f   attiCon_sfun_registry.obj
 0001:0001c930       sf_mex_unlock_call         000000018001d930 f   attiCon_sfun_registry.obj
 0001:0001c9e0       sf_machine_global_initializer_called 000000018001d9e0 f   attiCon_sfun_registry.obj
 0001:0001ca10       sf_machine_global_method_dispatcher 000000018001da10 f   attiCon_sfun_registry.obj
 0001:0001ca70       sf_machine_global_terminator 000000018001da70 f   attiCon_sfun_registry.obj
 0001:0001cac0       sf_register_machine_exported_symbols 000000018001dac0 f   attiCon_sfun_registry.obj
 0001:0001cae0       callCustomFcn              000000018001dae0 f   attiCon_sfun_registry.obj
 0001:0001caf0       sf_machine_global_initializer 000000018001daf0 f   attiCon_sfun_registry.obj
 0001:0001cb70       mdlGetSimState             000000018001db70 f   attiCon_sfun_registry.obj
 0001:0001cbf0       mdlSetSimState             000000018001dbf0 f   attiCon_sfun_registry.obj
 0001:0001cc30       _ssSetStateAbsTol          000000018001dc30 f   attiCon_sfun_registry.obj
 0001:0001cd10       _ssGetAbsTol               000000018001dd10 f   attiCon_sfun_registry.obj
 0001:0001cd80       _ssSetInputPortMatrixDimensions 000000018001dd80 f   attiCon_sfun_registry.obj
 0001:0001ce90       _ssSetOutputPortMatrixDimensions 000000018001de90 f   attiCon_sfun_registry.obj
 0001:0001cfa0       _ssSetInputPortVectorDimension 000000018001dfa0 f   attiCon_sfun_registry.obj
 0001:0001d070       _ssSetOutputPortVectorDimension 000000018001e070 f   attiCon_sfun_registry.obj
 0001:0001d140       ssIsRunTimeParamTunable    000000018001e140 f   attiCon_sfun_registry.obj
 0001:0001d1b0       ssGetSFuncBlockHandle      000000018001e1b0 f   attiCon_sfun_registry.obj
 0001:0001d220       _ssGetCurrentInputPortWidth 000000018001e220 f   attiCon_sfun_registry.obj
 0001:0001d340       _ssGetCurrentOutputPortWidth 000000018001e340 f   attiCon_sfun_registry.obj
 0001:0001d460       _ssGetCallSystemNumFcnCallDestinations 000000018001e460 f   attiCon_sfun_registry.obj
 0001:0001d4d0       ssWarning                  000000018001e4d0 f   attiCon_sfun_registry.obj
 0001:0001d5e0       ssGetIsZeroCrossControlDisabled 000000018001e5e0 f   attiCon_sfun_registry.obj
 0001:0001d650       ssSetIsInputPortUsedForContZcSignal 000000018001e650 f   attiCon_sfun_registry.obj
 0001:0001d6c0       ssSetZcSignalIsZcElementDisc 000000018001e6c0 f   attiCon_sfun_registry.obj
 0001:0001d770       ssSetZcSignalName          000000018001e770 f   attiCon_sfun_registry.obj
 0001:0001d7e0       ssSetZcSignalWidth         000000018001e7e0 f   attiCon_sfun_registry.obj
 0001:0001d850       ssSetZcSignalZcEventType   000000018001e850 f   attiCon_sfun_registry.obj
 0001:0001d8c0       ssSetZcSignalType          000000018001e8c0 f   attiCon_sfun_registry.obj
 0001:0001d930       ssSetZcSignalZcTol         000000018001e930 f   attiCon_sfun_registry.obj
 0001:0001d9a0       ssSetZcSignalNeedsEventNotification 000000018001e9a0 f   attiCon_sfun_registry.obj
 0001:0001da10       ssCreateAndAddZcSignalInfo 000000018001ea10 f   attiCon_sfun_registry.obj
 0001:0001da80       ssCloneAndAddZcSignalInfo  000000018001ea80 f   attiCon_sfun_registry.obj
 0001:0001daf0       ssGetNumZcSignals          000000018001eaf0 f   attiCon_sfun_registry.obj
 0001:0001db60       ssGetZcSignalVector        000000018001eb60 f   attiCon_sfun_registry.obj
 0001:0001dbd0       ssGetZcSignalZcEvents      000000018001ebd0 f   attiCon_sfun_registry.obj
 0001:0001dc40       ssGetZcSignalName          000000018001ec40 f   attiCon_sfun_registry.obj
 0001:0001dcb0       ssGetZcSignalWidth         000000018001ecb0 f   attiCon_sfun_registry.obj
 0001:0001dd20       ssGetZcSignalZcEventType   000000018001ed20 f   attiCon_sfun_registry.obj
 0001:0001dd90       ssGetZcSignalType          000000018001ed90 f   attiCon_sfun_registry.obj
 0001:0001de00       ssGetZcSignalZcTol         000000018001ee00 f   attiCon_sfun_registry.obj
 0001:0001de80       ssGetZcSignalNeedsEventNotification 000000018001ee80 f   attiCon_sfun_registry.obj
 0001:0001def0       ssGetZcSignalIsZcElementDisc 000000018001eef0 f   attiCon_sfun_registry.obj
 0001:0001df90       ssGetIsInputPortElementContinuous 000000018001ef90 f   attiCon_sfun_registry.obj
 0001:0001e030       _ssGetInputPortSignalPtrsFcn 000000018001f030 f   attiCon_sfun_registry.obj
 0001:0001e2f0       _ssGetInputPortSignalFcn   000000018001f2f0 f   attiCon_sfun_registry.obj
 0001:0001e510       _ssSetInputPortDirectFeedThroughFcn 000000018001f510 f   attiCon_sfun_registry.obj
 0001:0001e670       _ssSetInputPortReusableFcn 000000018001f670 f   attiCon_sfun_registry.obj
 0001:0001e760       _ssSetOutputPortReusableFcn 000000018001f760 f   attiCon_sfun_registry.obj
 0001:0001e840       ssGetDTypeIdFromMxArray    000000018001f840 f   attiCon_sfun_registry.obj
 0001:0001e960       ssWriteRTWStr              000000018001f960 f   attiCon_sfun_registry.obj
 0001:0001e9c0       ssWriteRTWMxVectParam      000000018001f9c0 f   attiCon_sfun_registry.obj
 0001:0001ea20       ssWriteRTWMx2dMatParam     000000018001fa20 f   attiCon_sfun_registry.obj
 0001:0001eaa0       ssWriteRTWNameValuePair    000000018001faa0 f   attiCon_sfun_registry.obj
 0001:0001ef90       ssWriteRTWParameters       000000018001ff90 f   attiCon_sfun_registry.obj
 0001:0001f590       ssWriteRTWParamSettings    0000000180020590 f   attiCon_sfun_registry.obj
 0001:0001fc60       ssWriteRTWWorkVect         0000000180020c60 f   attiCon_sfun_registry.obj
 0001:00020160       mexFunction                0000000180021160 f   attiCon_sfun_registry.obj
 0001:00022680       ProcessMexSfunctionEveryCall 0000000180023680 f   attiCon_sfun_registry.obj
 0001:00022802       sf_debug_set_machine_data_thresholds 0000000180023802 f   sf_runtime:sf_runtime.dll
 0001:00022808       sf_debug_set_machine_event_thresholds 0000000180023808 f   sf_runtime:sf_runtime.dll
 0001:0002280e       sf_debug_initialize_machine 000000018002380e f   sf_runtime:sf_runtime.dll
 0001:00022814       sf_load_rtw_optimization_info 0000000180023814 f   sf_runtime:sf_runtime.dll
 0001:0002281a       sf_mex_assign              000000018002381a f   sf_runtime:sf_runtime.dll
 0001:00022820       sf_mex_create              0000000180023820 f   sf_runtime:sf_runtime.dll
 0001:00022826       sf_mex_error_message       0000000180023826 f   sf_runtime:sf_runtime.dll
 0001:0002282c       sf_set_rtw_dwork_info      000000018002382c f   sf_runtime:sf_runtime.dll
 0001:00022832       sf_mark_chart_reusable_outputs 0000000180023832 f   sf_runtime:sf_runtime.dll
 0001:00022838       sf_mark_chart_expressionable_inputs 0000000180023838 f   sf_runtime:sf_runtime.dll
 0001:0002283e       sf_update_buildInfo        000000018002383e f   sf_runtime:sf_runtime.dll
 0001:00022844       sf_rtw_info_uint_prop      0000000180023844 f   sf_runtime:sf_runtime.dll
 0001:0002284a       sf_is_chart_inlinable      000000018002384a f   sf_runtime:sf_runtime.dll
 0001:00022850       sim_mode_is_external       0000000180023850 f   sf_runtime:sf_runtime.dll
 0001:00022856       sim_mode_is_rtw_gen        0000000180023856 f   sf_runtime:sf_runtime.dll
 0001:0002285c       ssGetOutputPortSignal_wrapper 000000018002385c f   sf_runtime:sf_runtime.dll
 0001:00022862       ssGetInputPortSignal_wrapper 0000000180023862 f   sf_runtime:sf_runtime.dll
 0001:00022868       sf_mex_decode_encoded_mx_struct_array 0000000180023868 f   sf_runtime:sf_runtime.dll
 0001:0002286e       sf_debug_reset_current_state_configuration 000000018002386e f   sf_runtime:sf_runtime.dll
 0001:00022874       sf_debug_set_instance_data_value_ptr 0000000180023874 f   sf_runtime:sf_runtime.dll
 0001:0002287a       sf_debug_set_chart_data_compiled_props 000000018002387a f   sf_runtime:sf_runtime.dll
 0001:00022880       cv_eml_init_fcn            0000000180023880 f   sf_runtime:sf_runtime.dll
 0001:00022886       cv_eml_init_script         0000000180023886 f   sf_runtime:sf_runtime.dll
 0001:0002288c       sf_debug_cv_init_trans     000000018002388c f   sf_runtime:sf_runtime.dll
 0001:00022892       sf_debug_cv_init_state     0000000180023892 f   sf_runtime:sf_runtime.dll
 0001:00022898       sf_debug_cv_init_chart     0000000180023898 f   sf_runtime:sf_runtime.dll
 0001:0002289e       sf_debug_set_chart_decomposition 000000018002389e f   sf_runtime:sf_runtime.dll
 0001:000228a4       sf_debug_set_chart_substate_count 00000001800238a4 f   sf_runtime:sf_runtime.dll
 0001:000228aa       sf_debug_set_chart_state_info 00000001800238aa f   sf_runtime:sf_runtime.dll
 0001:000228b0       sf_debug_set_chart_data_props 00000001800238b0 f   sf_runtime:sf_runtime.dll
 0001:000228b6       sf_debug_set_chart_event_thresholds 00000001800238b6 f   sf_runtime:sf_runtime.dll
 0001:000228bc       sf_debug_set_chart_disable_implicit_casting 00000001800238bc f   sf_runtime:sf_runtime.dll
 0001:000228c2       sf_debug_initialize_chart  00000001800238c2 f   sf_runtime:sf_runtime.dll
 0001:000228c8       sf_mex_destroy             00000001800238c8 f   sf_runtime:sf_runtime.dll
 0001:000228ce       sf_mex_dup                 00000001800238ce f   sf_runtime:sf_runtime.dll
 0001:000228d4       sf_mex_import              00000001800238d4 f   sf_runtime:sf_runtime.dll
 0001:000228da       sf_get_time                00000001800238da f   sf_runtime:sf_runtime.dll
 0001:000228e0       sf_debug_check_for_state_inconsistency 00000001800238e0 f   sf_runtime:sf_runtime.dll
 0001:000228e6       sf_debug_symbol_scope_pop  00000001800238e6 f   sf_runtime:sf_runtime.dll
 0001:000228ec       eml_debug_line_call        00000001800238ec f   sf_runtime:sf_runtime.dll
 0001:000228f2       cv_eml_eval                00000001800238f2 f   sf_runtime:sf_runtime.dll
 0001:000228f8       sf_debug_symbol_scope_add_eml 00000001800238f8 f   sf_runtime:sf_runtime.dll
 0001:000228fe       sf_debug_symbol_scope_add_eml_importable 00000001800238fe f   sf_runtime:sf_runtime.dll
 0001:00022904       sf_debug_symbol_scope_push_eml 0000000180023904 f   sf_runtime:sf_runtime.dll
 0001:0002290a       sf_debug_data_range_wrapper 000000018002390a f   sf_runtime:sf_runtime.dll
 0001:00022910       sf_debug_call              0000000180023910 f   sf_runtime:sf_runtime.dll
 0001:00022916       sf_debug_symbol_scope_push 0000000180023916 f   sf_runtime:sf_runtime.dll
 0001:0002291c       sf_mex_setcell             000000018002391c f   sf_runtime:sf_runtime.dll
 0001:00022922       sf_mex_createcellmatrix    0000000180023922 f   sf_runtime:sf_runtime.dll
 0001:00022928       sf_mex_getcell             0000000180023928 f   sf_runtime:sf_runtime.dll
 0001:0002292e       sf_clear_rtw_identifier    000000018002392e f   sf_runtime:sf_runtime.dll
 0001:00022934       sf_mex_emlrtNameCapturePostProcessR2012a 0000000180023934 f   sf_runtime:sf_runtime.dll
 0001:0002293a       sf_mex_createstruct        000000018002393a f   sf_runtime:sf_runtime.dll
 0001:00022940       sf_mex_duplicatearraysafe  0000000180023940 f   sf_runtime:sf_runtime.dll
 0001:00022946       sf_mex_addfield            0000000180023946 f   sf_runtime:sf_runtime.dll
 0001:0002294c       sf_mex_call_debug          000000018002394c f   sf_runtime:sf_runtime.dll
 0001:00022952       sf_debug_eml_data_array_bounds_error_check 0000000180023952 f   sf_runtime:sf_runtime.dll
 0001:00022958       sf_debug_integer_check     0000000180023958 f   sf_runtime:sf_runtime.dll
 0001:0002295e       sf_debug_terminate         000000018002395e f   sf_runtime:sf_runtime.dll
 0001:00022964       sf_debug_create_debug_instance_struct 0000000180023964 f   sf_runtime:sf_runtime.dll
 0001:0002296a       sf_debug_api               000000018002396a f   sf_runtime:sf_runtime.dll
 0001:00022970       callMdlMethodAndReportError 0000000180023970 f   sf_runtime:sf_runtime.dll
 0001:00022976       call_sf_machine_global_method_dispatcher 0000000180023976 f   sf_runtime:sf_runtime.dll
 0001:0002297c       sf_clear_error_manager_info 000000018002397c f   sf_runtime:sf_runtime.dll
 0001:00022982       sf_mex_error_direct_call   0000000180023982 f   sf_runtime:sf_runtime.dll
 0001:00022988       mxCreateLogicalScalar      0000000180023988 f   libmx:libmx.dll
 0001:0002298e       mxGetScalar                000000018002398e f   libmx:libmx.dll
 0001:00022994       mxGetPr                    0000000180023994 f   libmx:libmx.dll
 0001:0002299a       mxCreateDoubleMatrix_730   000000018002399a f   libmx:libmx.dll
 0001:000229a0       mxGetString_730            00000001800239a0 f   libmx:libmx.dll
 0001:000229a6       mxIsChar                   00000001800239a6 f   libmx:libmx.dll
 0001:000229ac       mxDestroyArray             00000001800239ac f   libmx:libmx.dll
 0001:000229b2       mxDuplicateArray           00000001800239b2 f   libmx:libmx.dll
 0001:000229b8       mxCreateDoubleScalar       00000001800239b8 f   libmx:libmx.dll
 0001:000229be       mxSetField_730             00000001800239be f   libmx:libmx.dll
 0001:000229c4       mxCreateString             00000001800239c4 f   libmx:libmx.dll
 0001:000229ca       mxCreateStructMatrix_730   00000001800239ca f   libmx:libmx.dll
 0001:000229d0       mxCreateCellMatrix_730     00000001800239d0 f   libmx:libmx.dll
 0001:000229d6       mxCreateCellArray_730      00000001800239d6 f   libmx:libmx.dll
 0001:000229dc       mxCreateStructArray_730    00000001800239dc f   libmx:libmx.dll
 0001:000229e2       mxGetNaN                   00000001800239e2 f   libmx:libmx.dll
 0001:000229e8       mxGetClassID               00000001800239e8 f   libmx:libmx.dll
 0001:000229ee       mxIsNumeric                00000001800239ee f   libmx:libmx.dll
 0001:000229f4       mxIsComplex                00000001800239f4 f   libmx:libmx.dll
 0001:000229fa       mxGetN                     00000001800239fa f   libmx:libmx.dll
 0001:00022a00       mxGetM                     0000000180023a00 f   libmx:libmx.dll
 0001:00022a06       mxCalloc                   0000000180023a06 f   libmx:libmx.dll
 0001:00022a0c       mexMakeArrayPersistent     0000000180023a0c f   libmex:libmex.dll
 0001:00022a12       mexUnlock                  0000000180023a12 f   libmex:libmex.dll
 0001:00022a18       mexIsLocked                0000000180023a18 f   libmex:libmex.dll
 0001:00022a1e       mexWarnMsgTxt              0000000180023a1e f   libmex:libmex.dll
 0001:00022a24       mexCallMATLABWithObject    0000000180023a24 f   libmex:libmex.dll
 0001:00022a2a       mexErrMsgTxt               0000000180023a2a f   libmex:libmex.dll
 0001:00022a30       mexLock                    0000000180023a30 f   libmex:libmex.dll
 0001:00022a36       utMalloc                   0000000180023a36 f   libut:libut.dll
 0001:00022a3c       utFree                     0000000180023a3c f   libut:libut.dll
 0001:00022a42       muDoubleScalarIsNaN        0000000180023a42 f   libmwmathutil:libmwmathutil.dll
 0001:00022a48       muDoubleScalarAbs          0000000180023a48 f   libmwmathutil:libmwmathutil.dll
 0001:00022a50       __GSHandlerCheckCommon     0000000180023a50 f   MSVCRT:gshandler.obj
 0001:00022ab4       __GSHandlerCheck           0000000180023ab4 f   MSVCRT:gshandler.obj
 0001:00022ad2       strcmp                     0000000180023ad2 f   MSVCRT:MSVCR100.dll
 0001:00022af0       __security_check_cookie    0000000180023af0 f   MSVCRT:amdsecgs.obj
 0001:00022b10       memset                     0000000180023b10 f   MSVCRT:MSVCR100.dll
 0001:00022b16       strlen                     0000000180023b16 f   MSVCRT:MSVCR100.dll
 0001:00022b1c       free                       0000000180023b1c f   MSVCRT:MSVCR100.dll
 0001:00022b22       sprintf                    0000000180023b22 f   MSVCRT:MSVCR100.dll
 0001:00022b28       malloc                     0000000180023b28 f   MSVCRT:MSVCR100.dll
 0001:00022b2e       strcat                     0000000180023b2e f   MSVCRT:MSVCR100.dll
 0001:00022b34       memcpy                     0000000180023b34 f   MSVCRT:MSVCR100.dll
 0001:00022b3c       NtCurrentTeb               0000000180023b3c f i MSVCRT:crtdll.obj
 0001:00022ba8       _CRT_INIT                  0000000180023ba8 f   MSVCRT:crtdll.obj
 0001:00022f40       _DllMainCRTStartup         0000000180023f40 f   MSVCRT:crtdll.obj
 0001:00022f80       __report_gsfailure         0000000180023f80 f   MSVCRT:gs_report.obj
 0001:000230cc       __clean_type_info_names    00000001800240cc f   MSVCRT:tncleanup.obj
 0001:000230d8       _onexit                    00000001800240d8 f   MSVCRT:atonexit.obj
 0001:00023188       atexit                     0000000180024188 f   MSVCRT:atonexit.obj
 0001:000231a0       _RTC_Initialize            00000001800241a0 f   MSVCRT:_initsect_.obj
 0001:000231d8       _RTC_Terminate             00000001800241d8 f   MSVCRT:_initsect_.obj
 0001:00023210       _malloc_crt                0000000180024210 f   MSVCRT:MSVCR100.dll
 0001:00023220       _ValidateImageBase         0000000180024220 f   MSVCRT:pesect.obj
 0001:00023250       _FindPESection             0000000180024250 f   MSVCRT:pesect.obj
 0001:000232a0       _IsNonwritableInCurrentImage 00000001800242a0 f   MSVCRT:pesect.obj
 0001:000232e2       _initterm                  00000001800242e2 f   MSVCRT:MSVCR100.dll
 0001:000232e8       _initterm_e                00000001800242e8 f   MSVCRT:MSVCR100.dll
 0001:000232ee       _encoded_null              00000001800242ee f   MSVCRT:MSVCR100.dll
 0001:000232f4       _amsg_exit                 00000001800242f4 f   MSVCRT:MSVCR100.dll
 0001:000232fa       __C_specific_handler       00000001800242fa f   MSVCRT:MSVCR100.dll
 0001:00023300       __CppXcptFilter            0000000180024300 f   MSVCRT:MSVCR100.dll
 0001:00023308       DllMain                    0000000180024308 f   MSVCRT:dllmain.obj
 0001:0002332c       __security_init_cookie     000000018002432c f   MSVCRT:gs_support.obj
 0001:000233e0       __crt_debugger_hook        00000001800243e0 f   MSVCRT:MSVCR100.dll
 0001:000233e6       __clean_type_info_names_internal 00000001800243e6 f   MSVCRT:MSVCR100.dll
 0001:000233ec       _unlock                    00000001800243ec f   MSVCRT:MSVCR100.dll
 0001:000233f2       __dllonexit                00000001800243f2 f   MSVCRT:MSVCR100.dll
 0001:000233f8       _lock                      00000001800243f8 f   MSVCRT:MSVCR100.dll
 0001:000233fe       EncodePointer              00000001800243fe f   kernel32:KERNEL32.dll
 0001:00023404       DecodePointer              0000000180024404 f   kernel32:KERNEL32.dll
 0001:0002340a       Sleep                      000000018002440a f   kernel32:KERNEL32.dll
 0001:00023410       TerminateProcess           0000000180024410 f   kernel32:KERNEL32.dll
 0001:00023416       GetCurrentProcess          0000000180024416 f   kernel32:KERNEL32.dll
 0001:0002341c       UnhandledExceptionFilter   000000018002441c f   kernel32:KERNEL32.dll
 0001:00023422       SetUnhandledExceptionFilter 0000000180024422 f   kernel32:KERNEL32.dll
 0001:00023428       IsDebuggerPresent          0000000180024428 f   kernel32:KERNEL32.dll
 0001:0002342e       RtlVirtualUnwind           000000018002442e f   kernel32:KERNEL32.dll
 0001:00023434       RtlLookupFunctionEntry     0000000180024434 f   kernel32:KERNEL32.dll
 0001:0002343a       RtlCaptureContext          000000018002443a f   kernel32:KERNEL32.dll
 0001:00023440       DisableThreadLibraryCalls  0000000180024440 f   kernel32:KERNEL32.dll
 0001:00023446       QueryPerformanceCounter    0000000180024446 f   kernel32:KERNEL32.dll
 0001:0002344c       GetTickCount               000000018002444c f   kernel32:KERNEL32.dll
 0001:00023452       GetCurrentThreadId         0000000180024452 f   kernel32:KERNEL32.dll
 0001:00023458       GetCurrentProcessId        0000000180024458 f   kernel32:KERNEL32.dll
 0001:0002345e       GetSystemTimeAsFileTime    000000018002445e f   kernel32:KERNEL32.dll
 0002:00000000       __imp_GetSystemTimeAsFileTime 0000000180025000     kernel32:KERNEL32.dll
 0002:00000008       __imp_GetCurrentProcessId  0000000180025008     kernel32:KERNEL32.dll
 0002:00000010       __imp_GetCurrentThreadId   0000000180025010     kernel32:KERNEL32.dll
 0002:00000018       __imp_GetTickCount         0000000180025018     kernel32:KERNEL32.dll
 0002:00000020       __imp_QueryPerformanceCounter 0000000180025020     kernel32:KERNEL32.dll
 0002:00000028       __imp_DisableThreadLibraryCalls 0000000180025028     kernel32:KERNEL32.dll
 0002:00000030       __imp_RtlCaptureContext    0000000180025030     kernel32:KERNEL32.dll
 0002:00000038       __imp_RtlLookupFunctionEntry 0000000180025038     kernel32:KERNEL32.dll
 0002:00000040       __imp_RtlVirtualUnwind     0000000180025040     kernel32:KERNEL32.dll
 0002:00000048       __imp_IsDebuggerPresent    0000000180025048     kernel32:KERNEL32.dll
 0002:00000050       __imp_SetUnhandledExceptionFilter 0000000180025050     kernel32:KERNEL32.dll
 0002:00000058       __imp_UnhandledExceptionFilter 0000000180025058     kernel32:KERNEL32.dll
 0002:00000060       __imp_GetCurrentProcess    0000000180025060     kernel32:KERNEL32.dll
 0002:00000068       __imp_TerminateProcess     0000000180025068     kernel32:KERNEL32.dll
 0002:00000070       __imp_Sleep                0000000180025070     kernel32:KERNEL32.dll
 0002:00000078       __imp_DecodePointer        0000000180025078     kernel32:KERNEL32.dll
 0002:00000080       __imp_EncodePointer        0000000180025080     kernel32:KERNEL32.dll
 0002:00000088       \177KERNEL32_NULL_THUNK_DATA 0000000180025088     kernel32:KERNEL32.dll
 0002:00000090       __imp__onexit              0000000180025090     MSVCRT:MSVCR100.dll
 0002:00000098       __imp__lock                0000000180025098     MSVCRT:MSVCR100.dll
 0002:000000a0       __imp___dllonexit          00000001800250a0     MSVCRT:MSVCR100.dll
 0002:000000a8       __imp__unlock              00000001800250a8     MSVCRT:MSVCR100.dll
 0002:000000b0       __imp___clean_type_info_names_internal 00000001800250b0     MSVCRT:MSVCR100.dll
 0002:000000b8       __imp___crt_debugger_hook  00000001800250b8     MSVCRT:MSVCR100.dll
 0002:000000c0       __imp___CppXcptFilter      00000001800250c0     MSVCRT:MSVCR100.dll
 0002:000000c8       __imp___C_specific_handler 00000001800250c8     MSVCRT:MSVCR100.dll
 0002:000000d0       __imp__amsg_exit           00000001800250d0     MSVCRT:MSVCR100.dll
 0002:000000d8       __imp__encoded_null        00000001800250d8     MSVCRT:MSVCR100.dll
 0002:000000e0       __imp__initterm_e          00000001800250e0     MSVCRT:MSVCR100.dll
 0002:000000e8       __imp__initterm            00000001800250e8     MSVCRT:MSVCR100.dll
 0002:000000f0       __imp__malloc_crt          00000001800250f0     MSVCRT:MSVCR100.dll
 0002:000000f8       __imp_memcpy               00000001800250f8     MSVCRT:MSVCR100.dll
 0002:00000100       __imp_strcat               0000000180025100     MSVCRT:MSVCR100.dll
 0002:00000108       __imp_malloc               0000000180025108     MSVCRT:MSVCR100.dll
 0002:00000110       __imp_sprintf              0000000180025110     MSVCRT:MSVCR100.dll
 0002:00000118       __imp_free                 0000000180025118     MSVCRT:MSVCR100.dll
 0002:00000120       __imp_strlen               0000000180025120     MSVCRT:MSVCR100.dll
 0002:00000128       __imp_memset               0000000180025128     MSVCRT:MSVCR100.dll
 0002:00000130       __imp_strcmp               0000000180025130     MSVCRT:MSVCR100.dll
 0002:00000138       \177MSVCR100_NULL_THUNK_DATA 0000000180025138     MSVCRT:MSVCR100.dll
 0002:00000140       __imp_mexErrMsgTxt         0000000180025140     libmex:libmex.dll
 0002:00000148       __imp_mexUnlock            0000000180025148     libmex:libmex.dll
 0002:00000150       __imp_mexIsLocked          0000000180025150     libmex:libmex.dll
 0002:00000158       __imp_mexLock              0000000180025158     libmex:libmex.dll
 0002:00000160       __imp_mexMakeArrayPersistent 0000000180025160     libmex:libmex.dll
 0002:00000168       __imp_mexCallMATLABWithObject 0000000180025168     libmex:libmex.dll
 0002:00000170       __imp_mexWarnMsgTxt        0000000180025170     libmex:libmex.dll
 0002:00000178       \177libmex_NULL_THUNK_DATA 0000000180025178     libmex:libmex.dll
 0002:00000180       __imp_muDoubleScalarAbs    0000000180025180     libmwmathutil:libmwmathutil.dll
 0002:00000188       __imp_muDoubleScalarIsNaN  0000000180025188     libmwmathutil:libmwmathutil.dll
 0002:00000190       \177libmwmathutil_NULL_THUNK_DATA 0000000180025190     libmwmathutil:libmwmathutil.dll
 0002:00000198       __imp_mxCalloc             0000000180025198     libmx:libmx.dll
 0002:000001a0       __imp_mxGetM               00000001800251a0     libmx:libmx.dll
 0002:000001a8       __imp_mxGetN               00000001800251a8     libmx:libmx.dll
 0002:000001b0       __imp_mxIsComplex          00000001800251b0     libmx:libmx.dll
 0002:000001b8       __imp_mxIsNumeric          00000001800251b8     libmx:libmx.dll
 0002:000001c0       __imp_mxGetClassID         00000001800251c0     libmx:libmx.dll
 0002:000001c8       __imp_mxGetNaN             00000001800251c8     libmx:libmx.dll
 0002:000001d0       __imp_mxCreateStructArray_730 00000001800251d0     libmx:libmx.dll
 0002:000001d8       __imp_mxCreateCellArray_730 00000001800251d8     libmx:libmx.dll
 0002:000001e0       __imp_mxCreateCellMatrix_730 00000001800251e0     libmx:libmx.dll
 0002:000001e8       __imp_mxCreateStructMatrix_730 00000001800251e8     libmx:libmx.dll
 0002:000001f0       __imp_mxCreateString       00000001800251f0     libmx:libmx.dll
 0002:000001f8       __imp_mxSetField_730       00000001800251f8     libmx:libmx.dll
 0002:00000200       __imp_mxCreateDoubleScalar 0000000180025200     libmx:libmx.dll
 0002:00000208       __imp_mxCreateLogicalScalar 0000000180025208     libmx:libmx.dll
 0002:00000210       __imp_mxGetScalar          0000000180025210     libmx:libmx.dll
 0002:00000218       __imp_mxGetPr              0000000180025218     libmx:libmx.dll
 0002:00000220       __imp_mxCreateDoubleMatrix_730 0000000180025220     libmx:libmx.dll
 0002:00000228       __imp_mxGetString_730      0000000180025228     libmx:libmx.dll
 0002:00000230       __imp_mxIsChar             0000000180025230     libmx:libmx.dll
 0002:00000238       __imp_mxDestroyArray       0000000180025238     libmx:libmx.dll
 0002:00000240       __imp_mxDuplicateArray     0000000180025240     libmx:libmx.dll
 0002:00000248       \177libmx_NULL_THUNK_DATA  0000000180025248     libmx:libmx.dll
 0002:00000250       __imp_utMalloc             0000000180025250     libut:libut.dll
 0002:00000258       __imp_utFree               0000000180025258     libut:libut.dll
 0002:00000260       \177libut_NULL_THUNK_DATA  0000000180025260     libut:libut.dll
 0002:00000268       __imp_call_sf_machine_global_method_dispatcher 0000000180025268     sf_runtime:sf_runtime.dll
 0002:00000270       __imp_callMdlMethodAndReportError 0000000180025270     sf_runtime:sf_runtime.dll
 0002:00000278       __imp_sf_debug_api         0000000180025278     sf_runtime:sf_runtime.dll
 0002:00000280       __imp_sf_debug_create_debug_instance_struct 0000000180025280     sf_runtime:sf_runtime.dll
 0002:00000288       __imp_sf_debug_terminate   0000000180025288     sf_runtime:sf_runtime.dll
 0002:00000290       __imp_sf_debug_integer_check 0000000180025290     sf_runtime:sf_runtime.dll
 0002:00000298       __imp_sf_debug_eml_data_array_bounds_error_check 0000000180025298     sf_runtime:sf_runtime.dll
 0002:000002a0       __imp_sf_mex_call_debug    00000001800252a0     sf_runtime:sf_runtime.dll
 0002:000002a8       __imp_sf_mex_addfield      00000001800252a8     sf_runtime:sf_runtime.dll
 0002:000002b0       __imp_sf_clear_error_manager_info 00000001800252b0     sf_runtime:sf_runtime.dll
 0002:000002b8       __imp_sf_mex_createstruct  00000001800252b8     sf_runtime:sf_runtime.dll
 0002:000002c0       __imp_sf_mex_emlrtNameCapturePostProcessR2012a 00000001800252c0     sf_runtime:sf_runtime.dll
 0002:000002c8       __imp_sf_clear_rtw_identifier 00000001800252c8     sf_runtime:sf_runtime.dll
 0002:000002d0       __imp_sf_mex_getcell       00000001800252d0     sf_runtime:sf_runtime.dll
 0002:000002d8       __imp_sf_mex_createcellmatrix 00000001800252d8     sf_runtime:sf_runtime.dll
 0002:000002e0       __imp_sf_mex_setcell       00000001800252e0     sf_runtime:sf_runtime.dll
 0002:000002e8       __imp_sf_debug_symbol_scope_push 00000001800252e8     sf_runtime:sf_runtime.dll
 0002:000002f0       __imp_sf_debug_call        00000001800252f0     sf_runtime:sf_runtime.dll
 0002:000002f8       __imp_sf_debug_data_range_wrapper 00000001800252f8     sf_runtime:sf_runtime.dll
 0002:00000300       __imp_sf_debug_symbol_scope_push_eml 0000000180025300     sf_runtime:sf_runtime.dll
 0002:00000308       __imp_sf_mex_error_direct_call 0000000180025308     sf_runtime:sf_runtime.dll
 0002:00000310       __imp_sf_mex_duplicatearraysafe 0000000180025310     sf_runtime:sf_runtime.dll
 0002:00000318       __imp_sf_debug_symbol_scope_add_eml_importable 0000000180025318     sf_runtime:sf_runtime.dll
 0002:00000320       __imp_sf_debug_symbol_scope_add_eml 0000000180025320     sf_runtime:sf_runtime.dll
 0002:00000328       __imp_cv_eml_eval          0000000180025328     sf_runtime:sf_runtime.dll
 0002:00000330       __imp_eml_debug_line_call  0000000180025330     sf_runtime:sf_runtime.dll
 0002:00000338       __imp_sf_debug_symbol_scope_pop 0000000180025338     sf_runtime:sf_runtime.dll
 0002:00000340       __imp_sf_debug_check_for_state_inconsistency 0000000180025340     sf_runtime:sf_runtime.dll
 0002:00000348       __imp_sf_get_time          0000000180025348     sf_runtime:sf_runtime.dll
 0002:00000350       __imp_sf_mex_import        0000000180025350     sf_runtime:sf_runtime.dll
 0002:00000358       __imp_sf_mex_dup           0000000180025358     sf_runtime:sf_runtime.dll
 0002:00000360       __imp_sf_mex_destroy       0000000180025360     sf_runtime:sf_runtime.dll
 0002:00000368       __imp_sf_debug_initialize_chart 0000000180025368     sf_runtime:sf_runtime.dll
 0002:00000370       __imp_sf_debug_set_chart_disable_implicit_casting 0000000180025370     sf_runtime:sf_runtime.dll
 0002:00000378       __imp_sf_debug_set_chart_event_thresholds 0000000180025378     sf_runtime:sf_runtime.dll
 0002:00000380       __imp_sf_debug_set_chart_data_props 0000000180025380     sf_runtime:sf_runtime.dll
 0002:00000388       __imp_sf_debug_set_chart_state_info 0000000180025388     sf_runtime:sf_runtime.dll
 0002:00000390       __imp_sf_debug_set_chart_substate_count 0000000180025390     sf_runtime:sf_runtime.dll
 0002:00000398       __imp_sf_debug_set_chart_decomposition 0000000180025398     sf_runtime:sf_runtime.dll
 0002:000003a0       __imp_sf_debug_cv_init_chart 00000001800253a0     sf_runtime:sf_runtime.dll
 0002:000003a8       __imp_sf_debug_cv_init_state 00000001800253a8     sf_runtime:sf_runtime.dll
 0002:000003b0       __imp_sf_debug_cv_init_trans 00000001800253b0     sf_runtime:sf_runtime.dll
 0002:000003b8       __imp_cv_eml_init_script   00000001800253b8     sf_runtime:sf_runtime.dll
 0002:000003c0       __imp_cv_eml_init_fcn      00000001800253c0     sf_runtime:sf_runtime.dll
 0002:000003c8       __imp_sf_debug_set_chart_data_compiled_props 00000001800253c8     sf_runtime:sf_runtime.dll
 0002:000003d0       __imp_sf_debug_set_instance_data_value_ptr 00000001800253d0     sf_runtime:sf_runtime.dll
 0002:000003d8       __imp_sf_debug_reset_current_state_configuration 00000001800253d8     sf_runtime:sf_runtime.dll
 0002:000003e0       __imp_sf_mex_decode_encoded_mx_struct_array 00000001800253e0     sf_runtime:sf_runtime.dll
 0002:000003e8       __imp_ssGetInputPortSignal_wrapper 00000001800253e8     sf_runtime:sf_runtime.dll
 0002:000003f0       __imp_ssGetOutputPortSignal_wrapper 00000001800253f0     sf_runtime:sf_runtime.dll
 0002:000003f8       __imp_sim_mode_is_rtw_gen  00000001800253f8     sf_runtime:sf_runtime.dll
 0002:00000400       __imp_sim_mode_is_external 0000000180025400     sf_runtime:sf_runtime.dll
 0002:00000408       __imp_sf_is_chart_inlinable 0000000180025408     sf_runtime:sf_runtime.dll
 0002:00000410       __imp_sf_rtw_info_uint_prop 0000000180025410     sf_runtime:sf_runtime.dll
 0002:00000418       __imp_sf_update_buildInfo  0000000180025418     sf_runtime:sf_runtime.dll
 0002:00000420       __imp_sf_mark_chart_expressionable_inputs 0000000180025420     sf_runtime:sf_runtime.dll
 0002:00000428       __imp_sf_mark_chart_reusable_outputs 0000000180025428     sf_runtime:sf_runtime.dll
 0002:00000430       __imp_sf_set_rtw_dwork_info 0000000180025430     sf_runtime:sf_runtime.dll
 0002:00000438       __imp_sf_mex_error_message 0000000180025438     sf_runtime:sf_runtime.dll
 0002:00000440       __imp_sf_mex_create        0000000180025440     sf_runtime:sf_runtime.dll
 0002:00000448       __imp_sf_mex_assign        0000000180025448     sf_runtime:sf_runtime.dll
 0002:00000450       __imp_sf_load_rtw_optimization_info 0000000180025450     sf_runtime:sf_runtime.dll
 0002:00000458       __imp_sf_debug_initialize_machine 0000000180025458     sf_runtime:sf_runtime.dll
 0002:00000460       __imp_sf_debug_set_machine_event_thresholds 0000000180025460     sf_runtime:sf_runtime.dll
 0002:00000468       __imp_sf_debug_set_machine_data_thresholds 0000000180025468     sf_runtime:sf_runtime.dll
 0002:00000470       \177sf_runtime_NULL_THUNK_DATA 0000000180025470     sf_runtime:sf_runtime.dll
 0002:00000478       __xc_a                     0000000180025478     MSVCRT:cinitexe.obj
 0002:00000480       __xc_z                     0000000180025480     MSVCRT:cinitexe.obj
 0002:00000488       __xi_a                     0000000180025488     MSVCRT:cinitexe.obj
 0002:00000498       __xi_z                     0000000180025498     MSVCRT:cinitexe.obj
 0002:000004a0       __real@41d205126fc00000    00000001800254a0     attiCon_sfun.obj
 0002:000004a8       __real@41e746de04000000    00000001800254a8     attiCon_sfun.obj
 0002:000004b0       __real@41d303b4a3800000    00000001800254b0     attiCon_sfun.obj
 0002:000004b8       __real@41d953dfe2000000    00000001800254b8     attiCon_sfun.obj
 0002:000004c0       __real@41e1914a24400000    00000001800254c0     attiCon_sfun.obj
 0002:000004c8       __real@41ead1319ec00000    00000001800254c8     attiCon_sfun.obj
 0002:000004d0       __real@41ddae3573400000    00000001800254d0     attiCon_sfun.obj
 0002:000004d8       __real@41e6cf0aa2400000    00000001800254d8     attiCon_sfun.obj
 0002:000004e0       __real@41df1f45a4c00000    00000001800254e0     attiCon_sfun.obj
 0002:000004e8       __real@41c3e98508000000    00000001800254e8     attiCon_sfun.obj
 0002:000004f0       __real@41ea370db8c00000    00000001800254f0     attiCon_sfun.obj
 0002:000004f8       __real@41ed9d099a600000    00000001800254f8     attiCon_sfun.obj
 0002:00000500       __real@41e2c66f32e00000    0000000180025500     attiCon_sfun.obj
 0002:00000508       __real@41d0c22809c00000    0000000180025508     attiCon_sfun.obj
 0002:00000510       __real@41e5351a78e00000    0000000180025510     attiCon_sfun.obj
 0002:00000518       __real@41e879b742000000    0000000180025518     attiCon_sfun.obj
 0002:00000520       __real@41ef72d298000000    0000000180025520     c1_attiCon.obj
 0002:00000528       __real@41cfd23264000000    0000000180025528     c1_attiCon.obj
 0002:00000530       __real@41e044f5df400000    0000000180025530     c1_attiCon.obj
 0002:00000538       __real@41e89b8d39a00000    0000000180025538     c1_attiCon.obj
 0002:00000540       __real@4008000000000000    0000000180025540     c1_attiCon.obj
 0002:00000548       __real@4024000000000000    0000000180025548     c1_attiCon.obj
 0002:00000550       __real@3ff0000000000000    0000000180025550     c1_attiCon.obj
 0002:00000558       __real@4010000000000000    0000000180025558     c1_attiCon.obj
 0002:00000560       __mask@@NegDouble@         0000000180025560     c1_attiCon.obj
 0002:00000570       __real@41cec09072000000    0000000180025570     c2_attiCon.obj
 0002:00000578       __real@41eb0ce516a00000    0000000180025578     c2_attiCon.obj
 0002:00000580       __real@41b8cb3387000000    0000000180025580     c2_attiCon.obj
 0002:00000588       __real@41e76387d8e00000    0000000180025588     c2_attiCon.obj
 0002:00000590       __real@4000000000000000    0000000180025590     c2_attiCon.obj
 0002:00000598       __real@4018000000000000    0000000180025598     c2_attiCon.obj
 0002:000005a0       __real@402c000000000000    00000001800255a0     c2_attiCon.obj
 0002:000005a8       __real@3cb0000000000000    00000001800255a8     c2_attiCon.obj
 0002:000005b0       __real@0000000000000000    00000001800255b0     c2_attiCon.obj
 0002:000005b8       __real@4199d4cca8000000    00000001800255b8     c3_attiCon.obj
 0002:000005c0       __real@41cfae8e83000000    00000001800255c0     c3_attiCon.obj
 0002:000005c8       __real@41cb9bcdbd000000    00000001800255c8     c3_attiCon.obj
 0002:000005d0       __real@41ec4b35b0e00000    00000001800255d0     c3_attiCon.obj
 0002:000005d8       __real@3fe0000000000000    00000001800255d8     c3_attiCon.obj
 0002:000005e0       DYNAMIC_DIMENSION_DEF      00000001800255e0     attiCon_sfun_registry.obj
 0002:00000600       _ssBadLevel2InputAccessMsg 0000000180025600     attiCon_sfun_registry.obj
 0002:00000790       _ssBadLevel2DirectFeedMsg  0000000180025790     attiCon_sfun_registry.obj
 0002:000008d0       _ssBadLevel2DirectFeedSolutionMsg 00000001800258d0     attiCon_sfun_registry.obj
 0002:00000940       _ssBadLevel2ZeroDirectFeedMsg 0000000180025940     attiCon_sfun_registry.obj
 0002:00000a80       _ssBadLevel2ZeroDirectFeedMsg2 0000000180025a80     attiCon_sfun_registry.obj
 0002:00000b68       __real@bff0000000000000    0000000180025b68     attiCon_sfun_registry.obj
 0002:00000b70       __real@41602cbca0000000    0000000180025b70     attiCon_sfun_registry.obj
 0002:00000b78       _pRawDllMain               0000000180025b78     MSVCRT:crtdll.obj
 0002:00000b78       _pDefaultRawDllMain        0000000180025b78     MSVCRT:crtdll.obj
 0002:00000b90       ?ProcessDetach@NativeDll@<CrtImplementationDetails>@@0IB 0000000180025b90     MSVCRT:tncleanup.obj
 0002:00000b94       ?ProcessAttach@NativeDll@<CrtImplementationDetails>@@0IB 0000000180025b94     MSVCRT:tncleanup.obj
 0002:00000b98       ?ThreadAttach@NativeDll@<CrtImplementationDetails>@@0IB 0000000180025b98     MSVCRT:tncleanup.obj
 0002:00000b9c       ?ThreadDetach@NativeDll@<CrtImplementationDetails>@@0IB 0000000180025b9c     MSVCRT:tncleanup.obj
 0002:00000ba0       ?ProcessVerifier@NativeDll@<CrtImplementationDetails>@@0IB 0000000180025ba0     MSVCRT:tncleanup.obj
 0002:00000ba8       __rtc_iaa                  0000000180025ba8     MSVCRT:_initsect_.obj
 0002:00000bb0       __rtc_izz                  0000000180025bb0     MSVCRT:_initsect_.obj
 0002:00000bb8       __rtc_taa                  0000000180025bb8     MSVCRT:_initsect_.obj
 0002:00000bc0       __rtc_tzz                  0000000180025bc0     MSVCRT:_initsect_.obj
 0002:00001658       __IMPORT_DESCRIPTOR_sf_runtime 0000000180026658     sf_runtime:sf_runtime.dll
 0002:0000166c       __IMPORT_DESCRIPTOR_libmx  000000018002666c     libmx:libmx.dll
 0002:00001680       __IMPORT_DESCRIPTOR_libmex 0000000180026680     libmex:libmex.dll
 0002:00001694       __IMPORT_DESCRIPTOR_libut  0000000180026694     libut:libut.dll
 0002:000016a8       __IMPORT_DESCRIPTOR_libmwmathutil 00000001800266a8     libmwmathutil:libmwmathutil.dll
 0002:000016bc       __IMPORT_DESCRIPTOR_MSVCR100 00000001800266bc     MSVCRT:MSVCR100.dll
 0002:000016d0       __IMPORT_DESCRIPTOR_KERNEL32 00000001800266d0     kernel32:KERNEL32.dll
 0002:000016e4       __NULL_IMPORT_DESCRIPTOR   00000001800266e4     sf_runtime:sf_runtime.dll
 0003:000098c8       DYNAMIC_DIMENSION          00000001800318c8     attiCon_sfun_registry.obj
 0003:0000a4c8       __security_cookie          00000001800324c8     MSVCRT:gs_cookie.obj
 0003:0000a4d0       __security_cookie_complement 00000001800324d0     MSVCRT:gs_cookie.obj
 0003:0000a4d8       _fltused                   00000001800324d8     MSVCRT:dllsupp.obj
 0003:0000a4e0       __native_dllmain_reason    00000001800324e0     MSVCRT:natstart.obj
 0003:0000a4e4       __native_vcclrit_reason    00000001800324e4     MSVCRT:natstart.obj
 0003:0000a618       sfGlobalDebugInstanceStruct 0000000180032618     attiCon_sfun_registry.obj
 0003:0000aba0       ?__type_info_root_node@@3U__type_info_node@@A 0000000180032ba0     MSVCRT:tncleanup.obj
 0003:0000abb0       _attiConMachineNumber_     0000000180032bb0     <common>
 0003:0000abb4       __native_startup_state     0000000180032bb4     <common>
 0003:0000abb8       __native_startup_lock      0000000180032bb8     <common>
 0003:0000abc0       __onexitend                0000000180032bc0     <common>
 0003:0000abc8       __onexitbegin              0000000180032bc8     <common>
 0003:0000abd0       __dyn_tls_init_callback    0000000180032bd0     <common>

 entry point at        0001:00022f40

 Static symbols

 0001:00001be0       mdlProcessParameters_c1_attiCon 0000000180002be0 f   c1_attiCon.obj
 0001:00001cc0       initialize_params_c1_attiCon 0000000180002cc0 f   c1_attiCon.obj
 0001:00001cd0       mdlSetWorkWidths_c1_attiCon 0000000180002cd0 f   c1_attiCon.obj
 0001:00002230       sf_get_instance_specialization 0000000180003230 f   c1_attiCon.obj
 0001:00002240       mdlStart_c1_attiCon        0000000180003240 f   c1_attiCon.obj
 0001:000024c0       init_dsm_address_info      00000001800034c0 f   c1_attiCon.obj
 0001:000024d0       init_simulink_io_address   00000001800034d0 f   c1_attiCon.obj
 0001:00002580       sf_get_sim_state_info_c1_attiCon 0000000180003580 f   c1_attiCon.obj
 0001:00002640       chart_debug_initialization 0000000180003640 f   c1_attiCon.obj
 0001:00003180       init_script_number_translation 0000000180004180 f   c1_attiCon.obj
 0001:000031a0       c1_sf_marshallOut          00000001800041a0 f   c1_attiCon.obj
 0001:000032f0       c1_sf_marshallIn           00000001800042f0 f   c1_attiCon.obj
 0001:000033f0       c1_b_emlrt_marshallIn      00000001800043f0 f   c1_attiCon.obj
 0001:000034e0       c1_b_sf_marshallOut        00000001800044e0 f   c1_attiCon.obj
 0001:00003630       sf_opaque_initialize_c1_attiCon 0000000180004630 f   c1_attiCon.obj
 0001:00003670       initialize_c1_attiCon      0000000180004670 f   c1_attiCon.obj
 0001:000036c0       sf_opaque_enable_c1_attiCon 00000001800046c0 f   c1_attiCon.obj
 0001:000036e0       enable_c1_attiCon          00000001800046e0 f   c1_attiCon.obj
 0001:00003710       sf_opaque_disable_c1_attiCon 0000000180004710 f   c1_attiCon.obj
 0001:00003730       disable_c1_attiCon         0000000180004730 f   c1_attiCon.obj
 0001:00003760       sf_opaque_gateway_c1_attiCon 0000000180004760 f   c1_attiCon.obj
 0001:00003780       sf_gateway_c1_attiCon      0000000180004780 f   c1_attiCon.obj
 0001:00004660       c1_c_sf_marshallOut        0000000180005660 f   c1_attiCon.obj
 0001:00004710       c1_b_sf_marshallIn         0000000180005710 f   c1_attiCon.obj
 0001:000047b0       c1_c_emlrt_marshallIn      00000001800057b0 f   c1_attiCon.obj
 0001:00004840       sf_opaque_get_sim_state_c1_attiCon 0000000180005840 f   c1_attiCon.obj
 0001:00004890       get_sim_state_c1_attiCon   0000000180005890 f   c1_attiCon.obj
 0001:00004a80       sf_opaque_set_sim_state_c1_attiCon 0000000180005a80 f   c1_attiCon.obj
 0001:00004ad0       set_sim_state_c1_attiCon   0000000180005ad0 f   c1_attiCon.obj
 0001:00004be0       c1_update_debugger_state_c1_attiCon 0000000180005be0 f   c1_attiCon.obj
 0001:00004bf0       c1_emlrt_marshallIn        0000000180005bf0 f   c1_attiCon.obj
 0001:00004c60       c1_e_emlrt_marshallIn      0000000180005c60 f   c1_attiCon.obj
 0001:00004cc0       c1_f_emlrt_marshallIn      0000000180005cc0 f   c1_attiCon.obj
 0001:00004d50       sf_opaque_terminate_c1_attiCon 0000000180005d50 f   c1_attiCon.obj
 0001:00004df0       finalize_c1_attiCon        0000000180005df0 f   c1_attiCon.obj
 0001:00004e00       sf_opaque_init_subchart_simstructs 0000000180005e00 f   c1_attiCon.obj
 0001:00004e20       initSimStructsc1_attiCon   0000000180005e20 f   c1_attiCon.obj
 0001:00004e30       mdlRTW_c1_attiCon          0000000180005e30 f   c1_attiCon.obj
 0001:00004ee0       c2_info_helper             0000000180005ee0 f   c2_attiCon.obj
 0001:0000eb50       c2_emlrt_marshallOut       000000018000fb50 f   c2_attiCon.obj
 0001:0000ebe0       c2_b_emlrt_marshallOut     000000018000fbe0 f   c2_attiCon.obj
 0001:0000f4f0       mdlProcessParameters_c2_attiCon 00000001800104f0 f   c2_attiCon.obj
 0001:0000f5d0       initialize_params_c2_attiCon 00000001800105d0 f   c2_attiCon.obj
 0001:0000f5e0       mdlSetWorkWidths_c2_attiCon 00000001800105e0 f   c2_attiCon.obj
 0001:0000fae0       sf_get_instance_specialization 0000000180010ae0 f   c2_attiCon.obj
 0001:0000faf0       mdlStart_c2_attiCon        0000000180010af0 f   c2_attiCon.obj
 0001:0000fd70       init_dsm_address_info      0000000180010d70 f   c2_attiCon.obj
 0001:0000fd80       init_simulink_io_address   0000000180010d80 f   c2_attiCon.obj
 0001:0000fdf0       sf_get_sim_state_info_c2_attiCon 0000000180010df0 f   c2_attiCon.obj
 0001:0000feb0       chart_debug_initialization 0000000180010eb0 f   c2_attiCon.obj
 0001:00010740       init_script_number_translation 0000000180011740 f   c2_attiCon.obj
 0001:00010760       c2_sf_marshallOut          0000000180011760 f   c2_attiCon.obj
 0001:000108c0       c2_sf_marshallIn           00000001800118c0 f   c2_attiCon.obj
 0001:000109c0       c2_b_emlrt_marshallIn      00000001800119c0 f   c2_attiCon.obj
 0001:00010ab0       sf_opaque_initialize_c2_attiCon 0000000180011ab0 f   c2_attiCon.obj
 0001:00010af0       initialize_c2_attiCon      0000000180011af0 f   c2_attiCon.obj
 0001:00010b40       sf_opaque_enable_c2_attiCon 0000000180011b40 f   c2_attiCon.obj
 0001:00010b60       enable_c2_attiCon          0000000180011b60 f   c2_attiCon.obj
 0001:00010b90       sf_opaque_disable_c2_attiCon 0000000180011b90 f   c2_attiCon.obj
 0001:00010bb0       disable_c2_attiCon         0000000180011bb0 f   c2_attiCon.obj
 0001:00010be0       sf_opaque_gateway_c2_attiCon 0000000180011be0 f   c2_attiCon.obj
 0001:00010c00       sf_gateway_c2_attiCon      0000000180011c00 f   c2_attiCon.obj
 0001:00010e90       c2_chartstep_c2_attiCon    0000000180011e90 f   c2_attiCon.obj
 0001:00011d40       c2_b_sf_marshallOut        0000000180012d40 f   c2_attiCon.obj
 0001:00011df0       c2_b_sf_marshallIn         0000000180012df0 f   c2_attiCon.obj
 0001:00011e90       c2_c_emlrt_marshallIn      0000000180012e90 f   c2_attiCon.obj
 0001:00011f20       c2_c_sf_marshallOut        0000000180012f20 f   c2_attiCon.obj
 0001:00012150       c2_mpower                  0000000180013150 f   c2_attiCon.obj
 0001:00012700       c2_inv3x3                  0000000180013700 f   c2_attiCon.obj
 0001:00013bc0       c2_norm                    0000000180014bc0 f   c2_attiCon.obj
 0001:00013ed0       c2_eml_warning             0000000180014ed0 f   c2_attiCon.obj
 0001:00014010       c2_b_eml_warning           0000000180015010 f   c2_attiCon.obj
 0001:00014210       c2_eml_scalar_eg           0000000180015210 f   c2_attiCon.obj
 0001:00014220       c2_d_emlrt_marshallIn      0000000180015220 f   c2_attiCon.obj
 0001:00014290       c2_e_emlrt_marshallIn      0000000180015290 f   c2_attiCon.obj
 0001:00014390       c2_b_eml_xgemm             0000000180015390 f   c2_attiCon.obj
 0001:00014470       sf_opaque_get_sim_state_c2_attiCon 0000000180015470 f   c2_attiCon.obj
 0001:000144c0       get_sim_state_c2_attiCon   00000001800154c0 f   c2_attiCon.obj
 0001:00014690       sf_opaque_set_sim_state_c2_attiCon 0000000180015690 f   c2_attiCon.obj
 0001:000146e0       set_sim_state_c2_attiCon   00000001800156e0 f   c2_attiCon.obj
 0001:000147f0       c2_update_debugger_state_c2_attiCon 00000001800157f0 f   c2_attiCon.obj
 0001:00014800       c2_emlrt_marshallIn        0000000180015800 f   c2_attiCon.obj
 0001:00014870       c2_g_emlrt_marshallIn      0000000180015870 f   c2_attiCon.obj
 0001:000148d0       c2_h_emlrt_marshallIn      00000001800158d0 f   c2_attiCon.obj
 0001:00014960       sf_opaque_terminate_c2_attiCon 0000000180015960 f   c2_attiCon.obj
 0001:00014a00       finalize_c2_attiCon        0000000180015a00 f   c2_attiCon.obj
 0001:00014a10       sf_opaque_init_subchart_simstructs 0000000180015a10 f   c2_attiCon.obj
 0001:00014a30       initSimStructsc2_attiCon   0000000180015a30 f   c2_attiCon.obj
 0001:00014a40       mdlRTW_c2_attiCon          0000000180015a40 f   c2_attiCon.obj
 0001:00014af0       c3_info_helper             0000000180015af0 f   c3_attiCon.obj
 0001:00017ba0       c3_emlrt_marshallOut       0000000180018ba0 f   c3_attiCon.obj
 0001:00017c30       c3_b_emlrt_marshallOut     0000000180018c30 f   c3_attiCon.obj
 0001:00018540       mdlProcessParameters_c3_attiCon 0000000180019540 f   c3_attiCon.obj
 0001:00018620       initialize_params_c3_attiCon 0000000180019620 f   c3_attiCon.obj
 0001:00018630       mdlSetWorkWidths_c3_attiCon 0000000180019630 f   c3_attiCon.obj
 0001:00018b30       sf_get_instance_specialization 0000000180019b30 f   c3_attiCon.obj
 0001:00018b40       mdlStart_c3_attiCon        0000000180019b40 f   c3_attiCon.obj
 0001:00018dc0       init_dsm_address_info      0000000180019dc0 f   c3_attiCon.obj
 0001:00018dd0       init_simulink_io_address   0000000180019dd0 f   c3_attiCon.obj
 0001:00018e40       sf_get_sim_state_info_c3_attiCon 0000000180019e40 f   c3_attiCon.obj
 0001:00018f00       chart_debug_initialization 0000000180019f00 f   c3_attiCon.obj
 0001:00019790       init_script_number_translation 000000018001a790 f   c3_attiCon.obj
 0001:000197b0       c3_sf_marshallOut          000000018001a7b0 f   c3_attiCon.obj
 0001:00019900       c3_sf_marshallIn           000000018001a900 f   c3_attiCon.obj
 0001:00019a00       c3_b_emlrt_marshallIn      000000018001aa00 f   c3_attiCon.obj
 0001:00019af0       c3_b_sf_marshallOut        000000018001aaf0 f   c3_attiCon.obj
 0001:00019c40       sf_opaque_initialize_c3_attiCon 000000018001ac40 f   c3_attiCon.obj
 0001:00019c80       initialize_c3_attiCon      000000018001ac80 f   c3_attiCon.obj
 0001:00019cd0       sf_opaque_enable_c3_attiCon 000000018001acd0 f   c3_attiCon.obj
 0001:00019cf0       enable_c3_attiCon          000000018001acf0 f   c3_attiCon.obj
 0001:00019d20       sf_opaque_disable_c3_attiCon 000000018001ad20 f   c3_attiCon.obj
 0001:00019d40       disable_c3_attiCon         000000018001ad40 f   c3_attiCon.obj
 0001:00019d70       sf_opaque_gateway_c3_attiCon 000000018001ad70 f   c3_attiCon.obj
 0001:00019d90       sf_gateway_c3_attiCon      000000018001ad90 f   c3_attiCon.obj
 0001:0001aea0       c3_c_sf_marshallOut        000000018001bea0 f   c3_attiCon.obj
 0001:0001af50       c3_b_sf_marshallIn         000000018001bf50 f   c3_attiCon.obj
 0001:0001aff0       c3_c_emlrt_marshallIn      000000018001bff0 f   c3_attiCon.obj
 0001:0001b080       c3_c_sf_marshallIn         000000018001c080 f   c3_attiCon.obj
 0001:0001b180       c3_d_emlrt_marshallIn      000000018001c180 f   c3_attiCon.obj
 0001:0001b270       c3_d_sf_marshallOut        000000018001c270 f   c3_attiCon.obj
 0001:0001b4b0       c3_d_sf_marshallIn         000000018001c4b0 f   c3_attiCon.obj
 0001:0001b610       c3_e_emlrt_marshallIn      000000018001c610 f   c3_attiCon.obj
 0001:0001b720       c3_eml_scalar_eg           000000018001c720 f   c3_attiCon.obj
 0001:0001b730       c3_b_eml_xgemm             000000018001c730 f   c3_attiCon.obj
 0001:0001b810       sf_opaque_get_sim_state_c3_attiCon 000000018001c810 f   c3_attiCon.obj
 0001:0001b860       get_sim_state_c3_attiCon   000000018001c860 f   c3_attiCon.obj
 0001:0001ba50       sf_opaque_set_sim_state_c3_attiCon 000000018001ca50 f   c3_attiCon.obj
 0001:0001baa0       set_sim_state_c3_attiCon   000000018001caa0 f   c3_attiCon.obj
 0001:0001bbb0       c3_update_debugger_state_c3_attiCon 000000018001cbb0 f   c3_attiCon.obj
 0001:0001bbc0       c3_emlrt_marshallIn        000000018001cbc0 f   c3_attiCon.obj
 0001:0001bc30       c3_g_emlrt_marshallIn      000000018001cc30 f   c3_attiCon.obj
 0001:0001bc90       c3_h_emlrt_marshallIn      000000018001cc90 f   c3_attiCon.obj
 0001:0001bd20       sf_opaque_terminate_c3_attiCon 000000018001cd20 f   c3_attiCon.obj
 0001:0001bdc0       finalize_c3_attiCon        000000018001cdc0 f   c3_attiCon.obj
 0001:0001bdd0       sf_opaque_init_subchart_simstructs 000000018001cdd0 f   c3_attiCon.obj
 0001:0001bdf0       initSimStructsc3_attiCon   000000018001cdf0 f   c3_attiCon.obj
 0001:0001be00       mdlRTW_c3_attiCon          000000018001ce00 f   c3_attiCon.obj
 0001:0001cbb0       getChartInfoFromSimStruct  000000018001dbb0 f   attiCon_sfun_registry.obj
 0001:0001e250       _ssFatalError              000000018001f250 f   attiCon_sfun_registry.obj
 0001:00021300       ProcessMexSfunctionCmdLineCall 0000000180022300 f   attiCon_sfun_registry.obj
 0001:000214a0       sf_debug_api_wrapper       00000001800224a0 f   attiCon_sfun_registry.obj
 0001:000214f0       mdlStart                   00000001800224f0 f   attiCon_sfun_registry.obj
 0001:00021520       mdl_start_processing       0000000180022520 f   attiCon_sfun_registry.obj
 0001:000215e0       mdlTerminate               00000001800225e0 f   attiCon_sfun_registry.obj
 0001:00021610       mdl_terminate_processing   0000000180022610 f   attiCon_sfun_registry.obj
 0001:00021690       mdlInitializeSampleTimes   0000000180022690 f   attiCon_sfun_registry.obj
 0001:000216c0       mdlZeroCrossings           00000001800226c0 f   attiCon_sfun_registry.obj
 0001:000216f0       mdl_zeroCrossings_processing 00000001800226f0 f   attiCon_sfun_registry.obj
 0001:00021730       mdlDerivatives             0000000180022730 f   attiCon_sfun_registry.obj
 0001:00021760       mdl_derivatives_processing 0000000180022760 f   attiCon_sfun_registry.obj
 0001:000217b0       mdlInitializeConditions    00000001800227b0 f   attiCon_sfun_registry.obj
 0001:000217e0       mdl_initialize_conditions_processing 00000001800227e0 f   attiCon_sfun_registry.obj
 0001:00021830       mdlEnable                  0000000180022830 f   attiCon_sfun_registry.obj
 0001:00021860       mdl_enable_processing      0000000180022860 f   attiCon_sfun_registry.obj
 0001:000218a0       mdlDisable                 00000001800228a0 f   attiCon_sfun_registry.obj
 0001:000218d0       mdl_disable_processing     00000001800228d0 f   attiCon_sfun_registry.obj
 0001:00021910       mdlOutputs                 0000000180022910 f   attiCon_sfun_registry.obj
 0001:00021940       mdl_outputs_processing     0000000180022940 f   attiCon_sfun_registry.obj
 0001:00021a20       mdl_outputs_continuous_legacy 0000000180022a20 f   attiCon_sfun_registry.obj
 0001:00021b10       mdlGetTimeOfNextVarHit     0000000180022b10 f   attiCon_sfun_registry.obj
 0001:00021b60       _ProcessMexSfunctionCmdLineCall 0000000180022b60 f   attiCon_sfun_registry.obj
 0001:000222b0       mdlSetWorkWidths           00000001800232b0 f   attiCon_sfun_registry.obj
 0001:000222e0       mdlProcessParameters       00000001800232e0 f   attiCon_sfun_registry.obj
 0001:00022310       mdlInitializeSizes         0000000180023310 f   attiCon_sfun_registry.obj
 0001:00022340       mdlExtModeExec             0000000180023340 f   attiCon_sfun_registry.obj
 0001:00022370       mdl_ext_mode_exec_processing 0000000180023370 f   attiCon_sfun_registry.obj
 0001:000223b0       mdlRTW                     00000001800233b0 f   attiCon_sfun_registry.obj
 0001:000223f0       _CreateSimStruct           00000001800233f0 f   attiCon_sfun_registry.obj
 0001:00022580       _RegNumInputPortsCB        0000000180023580 f   attiCon_sfun_registry.obj
 0001:00022600       _RegNumOutputPortsCB       0000000180023600 f   attiCon_sfun_registry.obj
 0001:00022b48       pre_c_init                 0000000180023b48 f   MSVCRT:crtdll.obj
 0001:00022e04       __DllMainCRTStartup        0000000180023e04 f   MSVCRT:crtdll.obj
 0001:00023470       __DllMainCRTStartup$filt$0 0000000180024470 f   MSVCRT:crtdll.obj
 0001:000234a0       __DllMainCRTStartup$fin$1  00000001800244a0 f   MSVCRT:crtdll.obj
 0001:000234ba       _onexit$fin$0              00000001800244ba f   MSVCRT:atonexit.obj
 0001:000234e0       _IsNonwritableInCurrentImage$filt$0 00000001800244e0 f   MSVCRT:pesect.obj
